stdout
------

stderr
------
 VAL                                                              : archives to analyze
 -m [defaultComparator | repackageComparator |                    : mode to compare class/method names (default: repackageComparator)
 obfuscatorComparator]                                               

rc
--
1
