*** using defaultComparator
log4j-samples/false-hits/log4j-1.2-api-2.12.1.jar

log4j-samples/false-hits/log4j-api-2.0.jar

log4j-samples/false-hits/log4j-api-2.14.1.jar

log4j-samples/false-hits/log4j-core-2.12.2.jar

log4j-samples/false-hits/log4j-core-2.16.0.jar
> Possible 2.15 <= x <= 2.16 match found in class org.apache.logging.log4j.core.lookup.JndiLookup in resource [BASEDIR]/log4j-samples/false-hits/log4j-core-2.16.0.jar

log4j-samples/false-hits/log4j-detector-2021.12.16.zip

log4j-samples/false-hits/log4j-over-slf4j-1.7.32.jar

log4j-samples/false-hits/log4j-slf4j-impl-2.13.2.jar

log4j-samples/false-hits/slf4j-log4j12-1.7.32.jar

log4j-samples/old-hits/log4j-1.1.3.jar

log4j-samples/old-hits/log4j-1.2.17.jar

log4j-samples/old-hits/log4j-core-2.0-beta2.jar

log4j-samples/true-hits/log4j-core-2.0-beta9.jar
> Possible 2.0-beta9, 2.0-rc1 match found in class org.apache.logging.log4j.core.lookup.JndiLookup in resource [BASEDIR]/log4j-samples/true-hits/log4j-core-2.0-beta9.jar

log4j-samples/true-hits/log4j-core-2.10.0.jar
> Possible 2.1+ match found in class org.apache.logging.log4j.core.lookup.JndiLookup in resource [BASEDIR]/log4j-samples/true-hits/log4j-core-2.10.0.jar

log4j-samples/true-hits/log4j-core-2.10.0.zip
> Possible 2.1+ match found in class org.apache.logging.log4j.core.lookup.JndiLookup in resource [BASEDIR]/log4j-samples/true-hits/log4j-core-2.10.0.zip

log4j-samples/true-hits/log4j-core-2.15.0.jar
> Possible 2.15 <= x <= 2.16 match found in class org.apache.logging.log4j.core.lookup.JndiLookup in resource [BASEDIR]/log4j-samples/true-hits/log4j-core-2.15.0.jar

log4j-samples/true-hits/log4j-core-2.9.1.jar
> Possible 2.1+ match found in class org.apache.logging.log4j.core.lookup.JndiLookup in resource [BASEDIR]/log4j-samples/true-hits/log4j-core-2.9.1.jar

log4j-samples/true-hits/shaded/clt-1.0-SNAPSHOT.jar

log4j-samples/true-hits/springboot-executable/spiff-0.0.1-SNAPSHOT.ear
> Possible 2.1+ match found in class org.apache.logging.log4j.core.lookup.JndiLookup in resource [BASEDIR]/log4j-samples/true-hits/springboot-executable/spiff-0.0.1-SNAPSHOT.ear$/WEB-INF/lib/log4j-core-2.10.0.jar

log4j-samples/true-hits/springboot-executable/spiff-0.0.1-SNAPSHOT.jar
> Possible 2.1+ match found in class org.apache.logging.log4j.core.lookup.JndiLookup in resource [BASEDIR]/log4j-samples/true-hits/springboot-executable/spiff-0.0.1-SNAPSHOT.jar$/WEB-INF/lib/log4j-core-2.10.0.jar

log4j-samples/true-hits/springboot-executable/spiff-0.0.1-SNAPSHOT.war
> Possible 2.1+ match found in class org.apache.logging.log4j.core.lookup.JndiLookup in resource [BASEDIR]/log4j-samples/true-hits/springboot-executable/spiff-0.0.1-SNAPSHOT.war$/WEB-INF/lib/log4j-core-2.10.0.jar

log4j-samples/true-hits/springboot-executable/spiff-0.0.1-SNAPSHOT.zip
> Possible 2.1+ match found in class org.apache.logging.log4j.core.lookup.JndiLookup in resource [BASEDIR]/log4j-samples/true-hits/springboot-executable/spiff-0.0.1-SNAPSHOT.zip$/WEB-INF/lib/log4j-core-2.10.0.jar

log4j-samples/true-hits/uber/infinispan-embedded-query-8.2.12.Final.jar
> Possible 2.1+ match found in class org.apache.logging.log4j.core.lookup.JndiLookup in resource [BASEDIR]/log4j-samples/true-hits/uber/infinispan-embedded-query-8.2.12.Final.jar

*** using repackageComparator
log4j-samples/false-hits/log4j-1.2-api-2.12.1.jar

log4j-samples/false-hits/log4j-api-2.0.jar

log4j-samples/false-hits/log4j-api-2.14.1.jar

log4j-samples/false-hits/log4j-core-2.12.2.jar

log4j-samples/false-hits/log4j-core-2.16.0.jar
> Possible 2.15 <= x <= 2.16 match found in class org.apache.logging.log4j.core.lookup.JndiLookup in resource [BASEDIR]/log4j-samples/false-hits/log4j-core-2.16.0.jar

log4j-samples/false-hits/log4j-detector-2021.12.16.zip

log4j-samples/false-hits/log4j-over-slf4j-1.7.32.jar

log4j-samples/false-hits/log4j-slf4j-impl-2.13.2.jar

log4j-samples/false-hits/slf4j-log4j12-1.7.32.jar

log4j-samples/old-hits/log4j-1.1.3.jar

log4j-samples/old-hits/log4j-1.2.17.jar

log4j-samples/old-hits/log4j-core-2.0-beta2.jar

log4j-samples/true-hits/log4j-core-2.0-beta9.jar
> Possible 2.0-beta9, 2.0-rc1 match found in class org.apache.logging.log4j.core.lookup.JndiLookup in resource [BASEDIR]/log4j-samples/true-hits/log4j-core-2.0-beta9.jar

log4j-samples/true-hits/log4j-core-2.10.0.jar
> Possible 2.1+ match found in class org.apache.logging.log4j.core.lookup.JndiLookup in resource [BASEDIR]/log4j-samples/true-hits/log4j-core-2.10.0.jar

log4j-samples/true-hits/log4j-core-2.10.0.zip
> Possible 2.1+ match found in class org.apache.logging.log4j.core.lookup.JndiLookup in resource [BASEDIR]/log4j-samples/true-hits/log4j-core-2.10.0.zip

log4j-samples/true-hits/log4j-core-2.15.0.jar
> Possible 2.15 <= x <= 2.16 match found in class org.apache.logging.log4j.core.lookup.JndiLookup in resource [BASEDIR]/log4j-samples/true-hits/log4j-core-2.15.0.jar

log4j-samples/true-hits/log4j-core-2.9.1.jar
> Possible 2.1+ match found in class org.apache.logging.log4j.core.lookup.JndiLookup in resource [BASEDIR]/log4j-samples/true-hits/log4j-core-2.9.1.jar

log4j-samples/true-hits/shaded/clt-1.0-SNAPSHOT.jar
> Possible 2.1+ match found in class clt.shaded.l.core.lookup.JndiLookup in resource [BASEDIR]/log4j-samples/true-hits/shaded/clt-1.0-SNAPSHOT.jar

log4j-samples/true-hits/springboot-executable/spiff-0.0.1-SNAPSHOT.ear
> Possible 2.1+ match found in class org.apache.logging.log4j.core.lookup.JndiLookup in resource [BASEDIR]/log4j-samples/true-hits/springboot-executable/spiff-0.0.1-SNAPSHOT.ear$/WEB-INF/lib/log4j-core-2.10.0.jar

log4j-samples/true-hits/springboot-executable/spiff-0.0.1-SNAPSHOT.jar
> Possible 2.1+ match found in class org.apache.logging.log4j.core.lookup.JndiLookup in resource [BASEDIR]/log4j-samples/true-hits/springboot-executable/spiff-0.0.1-SNAPSHOT.jar$/WEB-INF/lib/log4j-core-2.10.0.jar

log4j-samples/true-hits/springboot-executable/spiff-0.0.1-SNAPSHOT.war
> Possible 2.1+ match found in class org.apache.logging.log4j.core.lookup.JndiLookup in resource [BASEDIR]/log4j-samples/true-hits/springboot-executable/spiff-0.0.1-SNAPSHOT.war$/WEB-INF/lib/log4j-core-2.10.0.jar

log4j-samples/true-hits/springboot-executable/spiff-0.0.1-SNAPSHOT.zip
> Possible 2.1+ match found in class org.apache.logging.log4j.core.lookup.JndiLookup in resource [BASEDIR]/log4j-samples/true-hits/springboot-executable/spiff-0.0.1-SNAPSHOT.zip$/WEB-INF/lib/log4j-core-2.10.0.jar

log4j-samples/true-hits/uber/infinispan-embedded-query-8.2.12.Final.jar
> Possible 2.1+ match found in class org.apache.logging.log4j.core.lookup.JndiLookup in resource [BASEDIR]/log4j-samples/true-hits/uber/infinispan-embedded-query-8.2.12.Final.jar

*** using obfuscatorComparator
log4j-samples/false-hits/log4j-1.2-api-2.12.1.jar

log4j-samples/false-hits/log4j-api-2.0.jar

log4j-samples/false-hits/log4j-api-2.14.1.jar

log4j-samples/false-hits/log4j-core-2.12.2.jar

log4j-samples/false-hits/log4j-core-2.16.0.jar
> Possible 2.15 <= x <= 2.16 match found in class org.apache.logging.log4j.core.lookup.JndiLookup in resource [BASEDIR]/log4j-samples/false-hits/log4j-core-2.16.0.jar

log4j-samples/false-hits/log4j-detector-2021.12.16.zip

log4j-samples/false-hits/log4j-over-slf4j-1.7.32.jar

log4j-samples/false-hits/log4j-slf4j-impl-2.13.2.jar

log4j-samples/false-hits/slf4j-log4j12-1.7.32.jar

log4j-samples/old-hits/log4j-1.1.3.jar

log4j-samples/old-hits/log4j-1.2.17.jar

log4j-samples/old-hits/log4j-core-2.0-beta2.jar

log4j-samples/true-hits/log4j-core-2.0-beta9.jar
> Possible 2.0-beta9, 2.0-rc1 match found in class org.apache.logging.log4j.core.lookup.JndiLookup in resource [BASEDIR]/log4j-samples/true-hits/log4j-core-2.0-beta9.jar

log4j-samples/true-hits/log4j-core-2.10.0.jar
> Possible 2.1+ match found in class org.apache.logging.log4j.core.lookup.JndiLookup in resource [BASEDIR]/log4j-samples/true-hits/log4j-core-2.10.0.jar

log4j-samples/true-hits/log4j-core-2.10.0.zip
> Possible 2.1+ match found in class org.apache.logging.log4j.core.lookup.JndiLookup in resource [BASEDIR]/log4j-samples/true-hits/log4j-core-2.10.0.zip

log4j-samples/true-hits/log4j-core-2.15.0.jar
> Possible 2.15 <= x <= 2.16 match found in class org.apache.logging.log4j.core.lookup.JndiLookup in resource [BASEDIR]/log4j-samples/true-hits/log4j-core-2.15.0.jar

log4j-samples/true-hits/log4j-core-2.9.1.jar
> Possible 2.1+ match found in class org.apache.logging.log4j.core.lookup.JndiLookup in resource [BASEDIR]/log4j-samples/true-hits/log4j-core-2.9.1.jar

log4j-samples/true-hits/shaded/clt-1.0-SNAPSHOT.jar
> Possible 2.1+ match found in class clt.shaded.l.core.lookup.JndiLookup in resource [BASEDIR]/log4j-samples/true-hits/shaded/clt-1.0-SNAPSHOT.jar

log4j-samples/true-hits/springboot-executable/spiff-0.0.1-SNAPSHOT.ear
> Possible 2.1+ match found in class org.apache.logging.log4j.core.lookup.JndiLookup in resource [BASEDIR]/log4j-samples/true-hits/springboot-executable/spiff-0.0.1-SNAPSHOT.ear$/WEB-INF/lib/log4j-core-2.10.0.jar

log4j-samples/true-hits/springboot-executable/spiff-0.0.1-SNAPSHOT.jar
> Possible 2.1+ match found in class org.apache.logging.log4j.core.lookup.JndiLookup in resource [BASEDIR]/log4j-samples/true-hits/springboot-executable/spiff-0.0.1-SNAPSHOT.jar$/WEB-INF/lib/log4j-core-2.10.0.jar

log4j-samples/true-hits/springboot-executable/spiff-0.0.1-SNAPSHOT.war
> Possible 2.1+ match found in class org.apache.logging.log4j.core.lookup.JndiLookup in resource [BASEDIR]/log4j-samples/true-hits/springboot-executable/spiff-0.0.1-SNAPSHOT.war$/WEB-INF/lib/log4j-core-2.10.0.jar

log4j-samples/true-hits/springboot-executable/spiff-0.0.1-SNAPSHOT.zip
> Possible 2.1+ match found in class org.apache.logging.log4j.core.lookup.JndiLookup in resource [BASEDIR]/log4j-samples/true-hits/springboot-executable/spiff-0.0.1-SNAPSHOT.zip$/WEB-INF/lib/log4j-core-2.10.0.jar

log4j-samples/true-hits/uber/infinispan-embedded-query-8.2.12.Final.jar
> Possible 2.1+ match found in class org.apache.logging.log4j.core.lookup.JndiLookup in resource [BASEDIR]/log4j-samples/true-hits/uber/infinispan-embedded-query-8.2.12.Final.jar

